  Determining projects to restore...
c:\Users\simunnn\Desktop\asp\PolimanacASP\InventoryManagement\InventoryManagement\InventoryManagement.csproj : warning NU1901: Package 'NuGet.Packaging' 6.12.1 has a known low severity vulnerability, https://github.com/advisories/GHSA-g4vj-cjjj-v7hg [c:\Users\simunnn\Desktop\asp\PolimanacASP\InventoryManagement\InventoryManagement.slnx]
c:\Users\simunnn\Desktop\asp\PolimanacASP\InventoryManagement\InventoryManagement\InventoryManagement.csproj : warning NU1901: Package 'NuGet.Protocol' 6.12.1 has a known low severity vulnerability, https://github.com/advisories/GHSA-g4vj-cjjj-v7hg [c:\Users\simunnn\Desktop\asp\PolimanacASP\InventoryManagement\InventoryManagement.slnx]
  All projects are up-to-date for restore.
c:\Users\simunnn\Desktop\asp\PolimanacASP\InventoryManagement\InventoryManagement\InventoryManagement.csproj : warning NU1901: Package 'NuGet.Packaging' 6.12.1 has a known low severity vulnerability, https://github.com/advisories/GHSA-g4vj-cjjj-v7hg
c:\Users\simunnn\Desktop\asp\PolimanacASP\InventoryManagement\InventoryManagement\InventoryManagement.csproj : warning NU1901: Package 'NuGet.Protocol' 6.12.1 has a known low severity vulnerability, https://github.com/advisories/GHSA-g4vj-cjjj-v7hg
  InventoryManagement.Domain -> c:\Users\simunnn\Desktop\asp\PolimanacASP\InventoryManagement\InventoryManagement.Domain\bin\Debug\net10.0\InventoryManagement.Domain.dll
c:\Users\simunnn\Desktop\asp\PolimanacASP\InventoryManagement\InventoryManagement.Console\Program.cs(4,27): error CS0234: The type or namespace name 'Domain' does not exist in the namespace 'InventoryManagement' (are you missing an assembly reference?) [c:\Users\simunnn\Desktop\asp\PolimanacASP\InventoryManagement\InventoryManagement.Console\InventoryManagement.Console.csproj]
c:\Users\simunnn\Desktop\asp\PolimanacASP\InventoryManagement\InventoryManagement.Console\Program.cs(5,27): error CS0234: The type or namespace name 'Domain' does not exist in the namespace 'InventoryManagement' (are you missing an assembly reference?) [c:\Users\simunnn\Desktop\asp\PolimanacASP\InventoryManagement\InventoryManagement.Console\InventoryManagement.Console.csproj]
c:\Users\simunnn\Desktop\asp\PolimanacASP\InventoryManagement\InventoryManagement.DAL\Repositories\OrderEfRepository.cs(20,29): error CS1061: 'InventoryManagementDbContext' does not contain a definition for 'Orders' and no accessible extension method 'Orders' accepting a first argument of type 'InventoryManagementDbContext' could be found (are you missing a using directive or an assembly reference?) [c:\Users\simunnn\Desktop\asp\PolimanacASP\InventoryManagement\InventoryManagement.DAL\InventoryManagement.DAL.csproj]
c:\Users\simunnn\Desktop\asp\PolimanacASP\InventoryManagement\InventoryManagement.DAL\Repositories\OrderEfRepository.cs(22,33): error CS1061: 'TEntity' does not contain a definition for 'AppUser' and no accessible extension method 'AppUser' accepting a first argument of type 'TEntity' could be found (are you missing a using directive or an assembly reference?) [c:\Users\simunnn\Desktop\asp\PolimanacASP\InventoryManagement\InventoryManagement.DAL\InventoryManagement.DAL.csproj]
c:\Users\simunnn\Desktop\asp\PolimanacASP\InventoryManagement\InventoryManagement.DAL\Repositories\OrderEfRepository.cs(29,29): error CS1061: 'InventoryManagementDbContext' does not contain a definition for 'Orders' and no accessible extension method 'Orders' accepting a first argument of type 'InventoryManagementDbContext' could be found (are you missing a using directive or an assembly reference?) [c:\Users\simunnn\Desktop\asp\PolimanacASP\InventoryManagement\InventoryManagement.DAL\InventoryManagement.DAL.csproj]
c:\Users\simunnn\Desktop\asp\PolimanacASP\InventoryManagement\InventoryManagement.DAL\Repositories\OrderEfRepository.cs(31,33): error CS1061: 'TEntity' does not contain a definition for 'AppUser' and no accessible extension method 'AppUser' accepting a first argument of type 'TEntity' could be found (are you missing a using directive or an assembly reference?) [c:\Users\simunnn\Desktop\asp\PolimanacASP\InventoryManagement\InventoryManagement.DAL\InventoryManagement.DAL.csproj]
c:\Users\simunnn\Desktop\asp\PolimanacASP\InventoryManagement\InventoryManagement.DAL\Repositories\OrderEfRepository.cs(39,22): error CS1061: 'InventoryManagementDbContext' does not contain a definition for 'Orders' and no accessible extension method 'Orders' accepting a first argument of type 'InventoryManagementDbContext' could be found (are you missing a using directive or an assembly reference?) [c:\Users\simunnn\Desktop\asp\PolimanacASP\InventoryManagement\InventoryManagement.DAL\InventoryManagement.DAL.csproj]
c:\Users\simunnn\Desktop\asp\PolimanacASP\InventoryManagement\InventoryManagement.DAL\Repositories\OrderEfRepository.cs(45,22): error CS1061: 'InventoryManagementDbContext' does not contain a definition for 'Orders' and no accessible extension method 'Orders' accepting a first argument of type 'InventoryManagementDbContext' could be found (are you missing a using directive or an assembly reference?) [c:\Users\simunnn\Desktop\asp\PolimanacASP\InventoryManagement\InventoryManagement.DAL\InventoryManagement.DAL.csproj]
c:\Users\simunnn\Desktop\asp\PolimanacASP\InventoryManagement\InventoryManagement.DAL\Repositories\OrderEfRepository.cs(57,34): error CS1061: 'InventoryManagementDbContext' does not contain a definition for 'Orders' and no accessible extension method 'Orders' accepting a first argument of type 'InventoryManagementDbContext' could be found (are you missing a using directive or an assembly reference?) [c:\Users\simunnn\Desktop\asp\PolimanacASP\InventoryManagement\InventoryManagement.DAL\InventoryManagement.DAL.csproj]
c:\Users\simunnn\Desktop\asp\PolimanacASP\InventoryManagement\InventoryManagement.DAL\Repositories\OrderEfRepository.cs(60,26): error CS1061: 'InventoryManagementDbContext' does not contain a definition for 'Orders' and no accessible extension method 'Orders' accepting a first argument of type 'InventoryManagementDbContext' could be found (are you missing a using directive or an assembly reference?) [c:\Users\simunnn\Desktop\asp\PolimanacASP\InventoryManagement\InventoryManagement.DAL\InventoryManagement.DAL.csproj]
c:\Users\simunnn\Desktop\asp\PolimanacASP\InventoryManagement\InventoryManagement.DAL\Repositories\OrderEfRepository.cs(70,29): error CS1061: 'InventoryManagementDbContext' does not contain a definition for 'Orders' and no accessible extension method 'Orders' accepting a first argument of type 'InventoryManagementDbContext' could be found (are you missing a using directive or an assembly reference?) [c:\Users\simunnn\Desktop\asp\PolimanacASP\InventoryManagement\InventoryManagement.DAL\InventoryManagement.DAL.csproj]
c:\Users\simunnn\Desktop\asp\PolimanacASP\InventoryManagement\InventoryManagement.DAL\Repositories\OrderEfRepository.cs(75,34): error CS1061: 'InventoryManagementDbContext' does not contain a definition for 'Orders' and no accessible extension method 'Orders' accepting a first argument of type 'InventoryManagementDbContext' could be found (are you missing a using directive or an assembly reference?) [c:\Users\simunnn\Desktop\asp\PolimanacASP\InventoryManagement\InventoryManagement.DAL\InventoryManagement.DAL.csproj]
c:\Users\simunnn\Desktop\asp\PolimanacASP\InventoryManagement\InventoryManagement.DAL\Repositories\OrderEfRepository.cs(77,33): error CS1061: 'TEntity' does not contain a definition for 'OrderItems' and no accessible extension method 'OrderItems' accepting a first argument of type 'TEntity' could be found (are you missing a using directive or an assembly reference?) [c:\Users\simunnn\Desktop\asp\PolimanacASP\InventoryManagement\InventoryManagement.DAL\InventoryManagement.DAL.csproj]
c:\Users\simunnn\Desktop\asp\PolimanacASP\InventoryManagement\InventoryManagement.DAL\InventoryManagementDbContext.cs(114,37): error CS0029: Cannot implicitly convert type 'string' to 'int' [c:\Users\simunnn\Desktop\asp\PolimanacASP\InventoryManagement\InventoryManagement.DAL\InventoryManagement.DAL.csproj]
c:\Users\simunnn\Desktop\asp\PolimanacASP\InventoryManagement\InventoryManagement.DAL\InventoryManagementDbContext.cs(115,37): error CS0029: Cannot implicitly convert type 'string' to 'int' [c:\Users\simunnn\Desktop\asp\PolimanacASP\InventoryManagement\InventoryManagement.DAL\InventoryManagement.DAL.csproj]
c:\Users\simunnn\Desktop\asp\PolimanacASP\InventoryManagement\InventoryManagement.DAL\InventoryManagementDbContext.cs(116,37): error CS0029: Cannot implicitly convert type 'string' to 'int' [c:\Users\simunnn\Desktop\asp\PolimanacASP\InventoryManagement\InventoryManagement.DAL\InventoryManagement.DAL.csproj]
c:\Users\simunnn\Desktop\asp\PolimanacASP\InventoryManagement\InventoryManagement.DAL\InventoryManagementDbContext.cs(123,26): error CS0029: Cannot implicitly convert type 'string' to 'int' [c:\Users\simunnn\Desktop\asp\PolimanacASP\InventoryManagement\InventoryManagement.DAL\InventoryManagement.DAL.csproj]
c:\Users\simunnn\Desktop\asp\PolimanacASP\InventoryManagement\InventoryManagement.DAL\InventoryManagementDbContext.cs(134,26): error CS0029: Cannot implicitly convert type 'string' to 'int' [c:\Users\simunnn\Desktop\asp\PolimanacASP\InventoryManagement\InventoryManagement.DAL\InventoryManagement.DAL.csproj]
c:\Users\simunnn\Desktop\asp\PolimanacASP\InventoryManagement\InventoryManagement.DAL\InventoryManagementDbContext.cs(149,26): error CS0029: Cannot implicitly convert type 'string' to 'int' [c:\Users\simunnn\Desktop\asp\PolimanacASP\InventoryManagement\InventoryManagement.DAL\InventoryManagement.DAL.csproj]
c:\Users\simunnn\Desktop\asp\PolimanacASP\InventoryManagement\InventoryManagement.DAL\InventoryManagementDbContext.cs(158,34): error CS0029: Cannot implicitly convert type 'string' to 'int?' [c:\Users\simunnn\Desktop\asp\PolimanacASP\InventoryManagement\InventoryManagement.DAL\InventoryManagement.DAL.csproj]
c:\Users\simunnn\Desktop\asp\PolimanacASP\InventoryManagement\InventoryManagement.DAL\InventoryManagementDbContext.cs(159,34): error CS0029: Cannot implicitly convert type 'string' to 'int?' [c:\Users\simunnn\Desktop\asp\PolimanacASP\InventoryManagement\InventoryManagement.DAL\InventoryManagement.DAL.csproj]
c:\Users\simunnn\Desktop\asp\PolimanacASP\InventoryManagement\InventoryManagement.DAL\InventoryManagementDbContext.cs(163,26): error CS0029: Cannot implicitly convert type 'string' to 'int' [c:\Users\simunnn\Desktop\asp\PolimanacASP\InventoryManagement\InventoryManagement.DAL\InventoryManagement.DAL.csproj]
c:\Users\simunnn\Desktop\asp\PolimanacASP\InventoryManagement\InventoryManagement.DAL\InventoryManagementDbContext.cs(172,34): error CS0029: Cannot implicitly convert type 'string' to 'int?' [c:\Users\simunnn\Desktop\asp\PolimanacASP\InventoryManagement\InventoryManagement.DAL\InventoryManagement.DAL.csproj]
c:\Users\simunnn\Desktop\asp\PolimanacASP\InventoryManagement\InventoryManagement.DAL\InventoryManagementDbContext.cs(173,34): error CS0029: Cannot implicitly convert type 'string' to 'int?' [c:\Users\simunnn\Desktop\asp\PolimanacASP\InventoryManagement\InventoryManagement.DAL\InventoryManagement.DAL.csproj]
c:\Users\simunnn\Desktop\asp\PolimanacASP\InventoryManagement\InventoryManagement.DAL\InventoryManagementDbContext.cs(177,26): error CS0029: Cannot implicitly convert type 'string' to 'int' [c:\Users\simunnn\Desktop\asp\PolimanacASP\InventoryManagement\InventoryManagement.DAL\InventoryManagement.DAL.csproj]
c:\Users\simunnn\Desktop\asp\PolimanacASP\InventoryManagement\InventoryManagement.DAL\InventoryManagementDbContext.cs(186,34): error CS0029: Cannot implicitly convert type 'string' to 'int?' [c:\Users\simunnn\Desktop\asp\PolimanacASP\InventoryManagement\InventoryManagement.DAL\InventoryManagement.DAL.csproj]
c:\Users\simunnn\Desktop\asp\PolimanacASP\InventoryManagement\InventoryManagement.DAL\InventoryManagementDbContext.cs(187,34): error CS0029: Cannot implicitly convert type 'string' to 'int?' [c:\Users\simunnn\Desktop\asp\PolimanacASP\InventoryManagement\InventoryManagement.DAL\InventoryManagement.DAL.csproj]
c:\Users\simunnn\Desktop\asp\PolimanacASP\InventoryManagement\InventoryManagement.DAL\InventoryManagementDbContext.cs(195,26): error CS0029: Cannot implicitly convert type 'string' to 'int' [c:\Users\simunnn\Desktop\asp\PolimanacASP\InventoryManagement\InventoryManagement.DAL\InventoryManagement.DAL.csproj]
c:\Users\simunnn\Desktop\asp\PolimanacASP\InventoryManagement\InventoryManagement.DAL\InventoryManagementDbContext.cs(208,26): error CS0029: Cannot implicitly convert type 'string' to 'int' [c:\Users\simunnn\Desktop\asp\PolimanacASP\InventoryManagement\InventoryManagement.DAL\InventoryManagement.DAL.csproj]
c:\Users\simunnn\Desktop\asp\PolimanacASP\InventoryManagement\InventoryManagement.DAL\InventoryManagementDbContext.cs(229,21): error CS0117: 'AppUser' does not contain a definition for 'Role' [c:\Users\simunnn\Desktop\asp\PolimanacASP\InventoryManagement\InventoryManagement.DAL\InventoryManagement.DAL.csproj]
c:\Users\simunnn\Desktop\asp\PolimanacASP\InventoryManagement\InventoryManagement.DAL\InventoryManagementDbContext.cs(239,21): error CS0117: 'AppUser' does not contain a definition for 'Role' [c:\Users\simunnn\Desktop\asp\PolimanacASP\InventoryManagement\InventoryManagement.DAL\InventoryManagement.DAL.csproj]
c:\Users\simunnn\Desktop\asp\PolimanacASP\InventoryManagement\InventoryManagement.DAL\InventoryManagementDbContext.cs(249,21): error CS0117: 'AppUser' does not contain a definition for 'Role' [c:\Users\simunnn\Desktop\asp\PolimanacASP\InventoryManagement\InventoryManagement.DAL\InventoryManagement.DAL.csproj]
c:\Users\simunnn\Desktop\asp\PolimanacASP\InventoryManagement\InventoryManagement.DAL\InventoryManagementDbContext.cs(259,26): error CS0029: Cannot implicitly convert type 'string' to 'int' [c:\Users\simunnn\Desktop\asp\PolimanacASP\InventoryManagement\InventoryManagement.DAL\InventoryManagement.DAL.csproj]
c:\Users\simunnn\Desktop\asp\PolimanacASP\InventoryManagement\InventoryManagement.DAL\InventoryManagementDbContext.cs(270,26): error CS0029: Cannot implicitly convert type 'string' to 'int' [c:\Users\simunnn\Desktop\asp\PolimanacASP\InventoryManagement\InventoryManagement.DAL\InventoryManagement.DAL.csproj]
c:\Users\simunnn\Desktop\asp\PolimanacASP\InventoryManagement\InventoryManagement.DAL\InventoryManagementDbContext.cs(281,26): error CS0029: Cannot implicitly convert type 'string' to 'int' [c:\Users\simunnn\Desktop\asp\PolimanacASP\InventoryManagement\InventoryManagement.DAL\InventoryManagement.DAL.csproj]
c:\Users\simunnn\Desktop\asp\PolimanacASP\InventoryManagement\InventoryManagement.DAL\InventoryManagementDbContext.cs(296,26): error CS0029: Cannot implicitly convert type 'string' to 'int' [c:\Users\simunnn\Desktop\asp\PolimanacASP\InventoryManagement\InventoryManagement.DAL\InventoryManagement.DAL.csproj]
c:\Users\simunnn\Desktop\asp\PolimanacASP\InventoryManagement\InventoryManagement.DAL\InventoryManagementDbContext.cs(302,31): error CS0029: Cannot implicitly convert type 'string' to 'int' [c:\Users\simunnn\Desktop\asp\PolimanacASP\InventoryManagement\InventoryManagement.DAL\InventoryManagement.DAL.csproj]
c:\Users\simunnn\Desktop\asp\PolimanacASP\InventoryManagement\InventoryManagement.DAL\InventoryManagementDbContext.cs(303,33): error CS0029: Cannot implicitly convert type 'string' to 'int' [c:\Users\simunnn\Desktop\asp\PolimanacASP\InventoryManagement\InventoryManagement.DAL\InventoryManagement.DAL.csproj]
c:\Users\simunnn\Desktop\asp\PolimanacASP\InventoryManagement\InventoryManagement.DAL\InventoryManagementDbContext.cs(307,26): error CS0029: Cannot implicitly convert type 'string' to 'int' [c:\Users\simunnn\Desktop\asp\PolimanacASP\InventoryManagement\InventoryManagement.DAL\InventoryManagement.DAL.csproj]
c:\Users\simunnn\Desktop\asp\PolimanacASP\InventoryManagement\InventoryManagement.DAL\InventoryManagementDbContext.cs(313,31): error CS0029: Cannot implicitly convert type 'string' to 'int' [c:\Users\simunnn\Desktop\asp\PolimanacASP\InventoryManagement\InventoryManagement.DAL\InventoryManagement.DAL.csproj]
c:\Users\simunnn\Desktop\asp\PolimanacASP\InventoryManagement\InventoryManagement.DAL\InventoryManagementDbContext.cs(314,33): error CS0029: Cannot implicitly convert type 'string' to 'int' [c:\Users\simunnn\Desktop\asp\PolimanacASP\InventoryManagement\InventoryManagement.DAL\InventoryManagement.DAL.csproj]
c:\Users\simunnn\Desktop\asp\PolimanacASP\InventoryManagement\InventoryManagement.DAL\InventoryManagementDbContext.cs(318,26): error CS0029: Cannot implicitly convert type 'string' to 'int' [c:\Users\simunnn\Desktop\asp\PolimanacASP\InventoryManagement\InventoryManagement.DAL\InventoryManagement.DAL.csproj]
c:\Users\simunnn\Desktop\asp\PolimanacASP\InventoryManagement\InventoryManagement.DAL\InventoryManagementDbContext.cs(324,31): error CS0029: Cannot implicitly convert type 'string' to 'int' [c:\Users\simunnn\Desktop\asp\PolimanacASP\InventoryManagement\InventoryManagement.DAL\InventoryManagement.DAL.csproj]
c:\Users\simunnn\Desktop\asp\PolimanacASP\InventoryManagement\InventoryManagement.DAL\InventoryManagementDbContext.cs(325,33): error CS0029: Cannot implicitly convert type 'string' to 'int' [c:\Users\simunnn\Desktop\asp\PolimanacASP\InventoryManagement\InventoryManagement.DAL\InventoryManagement.DAL.csproj]
c:\Users\simunnn\Desktop\asp\PolimanacASP\InventoryManagement\InventoryManagement.DAL\InventoryManagementDbContext.cs(333,26): error CS0029: Cannot implicitly convert type 'string' to 'int' [c:\Users\simunnn\Desktop\asp\PolimanacASP\InventoryManagement\InventoryManagement.DAL\InventoryManagement.DAL.csproj]
c:\Users\simunnn\Desktop\asp\PolimanacASP\InventoryManagement\InventoryManagement.DAL\InventoryManagementDbContext.cs(339,33): error CS0029: Cannot implicitly convert type 'string' to 'int' [c:\Users\simunnn\Desktop\asp\PolimanacASP\InventoryManagement\InventoryManagement.DAL\InventoryManagement.DAL.csproj]
c:\Users\simunnn\Desktop\asp\PolimanacASP\InventoryManagement\InventoryManagement.DAL\InventoryManagementDbContext.cs(340,35): error CS0029: Cannot implicitly convert type 'string' to 'int' [c:\Users\simunnn\Desktop\asp\PolimanacASP\InventoryManagement\InventoryManagement.DAL\InventoryManagement.DAL.csproj]
c:\Users\simunnn\Desktop\asp\PolimanacASP\InventoryManagement\InventoryManagement.DAL\InventoryManagementDbContext.cs(344,26): error CS0029: Cannot implicitly convert type 'string' to 'int' [c:\Users\simunnn\Desktop\asp\PolimanacASP\InventoryManagement\InventoryManagement.DAL\InventoryManagement.DAL.csproj]
c:\Users\simunnn\Desktop\asp\PolimanacASP\InventoryManagement\InventoryManagement.DAL\InventoryManagementDbContext.cs(350,33): error CS0029: Cannot implicitly convert type 'string' to 'int' [c:\Users\simunnn\Desktop\asp\PolimanacASP\InventoryManagement\InventoryManagement.DAL\InventoryManagement.DAL.csproj]
c:\Users\simunnn\Desktop\asp\PolimanacASP\InventoryManagement\InventoryManagement.DAL\InventoryManagementDbContext.cs(351,35): error CS0029: Cannot implicitly convert type 'string' to 'int' [c:\Users\simunnn\Desktop\asp\PolimanacASP\InventoryManagement\InventoryManagement.DAL\InventoryManagement.DAL.csproj]
c:\Users\simunnn\Desktop\asp\PolimanacASP\InventoryManagement\InventoryManagement.DAL\InventoryManagementDbContext.cs(355,26): error CS0029: Cannot implicitly convert type 'string' to 'int' [c:\Users\simunnn\Desktop\asp\PolimanacASP\InventoryManagement\InventoryManagement.DAL\InventoryManagement.DAL.csproj]
c:\Users\simunnn\Desktop\asp\PolimanacASP\InventoryManagement\InventoryManagement.DAL\InventoryManagementDbContext.cs(361,33): error CS0029: Cannot implicitly convert type 'string' to 'int' [c:\Users\simunnn\Desktop\asp\PolimanacASP\InventoryManagement\InventoryManagement.DAL\InventoryManagement.DAL.csproj]
c:\Users\simunnn\Desktop\asp\PolimanacASP\InventoryManagement\InventoryManagement.DAL\InventoryManagementDbContext.cs(362,35): error CS0029: Cannot implicitly convert type 'string' to 'int' [c:\Users\simunnn\Desktop\asp\PolimanacASP\InventoryManagement\InventoryManagement.DAL\InventoryManagement.DAL.csproj]
c:\Users\simunnn\Desktop\asp\PolimanacASP\InventoryManagement\InventoryManagement.DAL\Repositories\UserEfRepository.cs(102,23): error CS1061: 'AppUser' does not contain a definition for 'Role' and no accessible extension method 'Role' accepting a first argument of type 'AppUser' could be found (are you missing a using directive or an assembly reference?) [c:\Users\simunnn\Desktop\asp\PolimanacASP\InventoryManagement\InventoryManagement.DAL\InventoryManagement.DAL.csproj]
c:\Users\simunnn\Desktop\asp\PolimanacASP\InventoryManagement\InventoryManagement.DAL\Repositories\UserEfRepository.cs(101,21): warning CS8602: Dereference of a possibly null reference. [c:\Users\simunnn\Desktop\asp\PolimanacASP\InventoryManagement\InventoryManagement.DAL\InventoryManagement.DAL.csproj]
c:\Users\simunnn\Desktop\asp\PolimanacASP\InventoryManagement\InventoryManagement.DAL\Repositories\OrderEfRepository.cs(88,34): error CS1061: 'InventoryManagementDbContext' does not contain a definition for 'Orders' and no accessible extension method 'Orders' accepting a first argument of type 'InventoryManagementDbContext' could be found (are you missing a using directive or an assembly reference?) [c:\Users\simunnn\Desktop\asp\PolimanacASP\InventoryManagement\InventoryManagement.DAL\InventoryManagement.DAL.csproj]
c:\Users\simunnn\Desktop\asp\PolimanacASP\InventoryManagement\InventoryManagement.DAL\Repositories\OrderEfRepository.cs(89,33): error CS1061: 'TEntity' does not contain a definition for 'AppUser' and no accessible extension method 'AppUser' accepting a first argument of type 'TEntity' could be found (are you missing a using directive or an assembly reference?) [c:\Users\simunnn\Desktop\asp\PolimanacASP\InventoryManagement\InventoryManagement.DAL\InventoryManagement.DAL.csproj]

Build FAILED.

c:\Users\simunnn\Desktop\asp\PolimanacASP\InventoryManagement\InventoryManagement\InventoryManagement.csproj : warning NU1901: Package 'NuGet.Packaging' 6.12.1 has a known low severity vulnerability, https://github.com/advisories/GHSA-g4vj-cjjj-v7hg [c:\Users\simunnn\Desktop\asp\PolimanacASP\InventoryManagement\InventoryManagement.slnx]
c:\Users\simunnn\Desktop\asp\PolimanacASP\InventoryManagement\InventoryManagement\InventoryManagement.csproj : warning NU1901: Package 'NuGet.Protocol' 6.12.1 has a known low severity vulnerability, https://github.com/advisories/GHSA-g4vj-cjjj-v7hg [c:\Users\simunnn\Desktop\asp\PolimanacASP\InventoryManagement\InventoryManagement.slnx]
c:\Users\simunnn\Desktop\asp\PolimanacASP\InventoryManagement\InventoryManagement\InventoryManagement.csproj : warning NU1901: Package 'NuGet.Packaging' 6.12.1 has a known low severity vulnerability, https://github.com/advisories/GHSA-g4vj-cjjj-v7hg
c:\Users\simunnn\Desktop\asp\PolimanacASP\InventoryManagement\InventoryManagement\InventoryManagement.csproj : warning NU1901: Package 'NuGet.Protocol' 6.12.1 has a known low severity vulnerability, https://github.com/advisories/GHSA-g4vj-cjjj-v7hg
c:\Users\simunnn\Desktop\asp\PolimanacASP\InventoryManagement\InventoryManagement.DAL\Repositories\UserEfRepository.cs(101,21): warning CS8602: Dereference of a possibly null reference. [c:\Users\simunnn\Desktop\asp\PolimanacASP\InventoryManagement\InventoryManagement.DAL\InventoryManagement.DAL.csproj]
c:\Users\simunnn\Desktop\asp\PolimanacASP\InventoryManagement\InventoryManagement.Console\Program.cs(4,27): error CS0234: The type or namespace name 'Domain' does not exist in the namespace 'InventoryManagement' (are you missing an assembly reference?) [c:\Users\simunnn\Desktop\asp\PolimanacASP\InventoryManagement\InventoryManagement.Console\InventoryManagement.Console.csproj]
c:\Users\simunnn\Desktop\asp\PolimanacASP\InventoryManagement\InventoryManagement.Console\Program.cs(5,27): error CS0234: The type or namespace name 'Domain' does not exist in the namespace 'InventoryManagement' (are you missing an assembly reference?) [c:\Users\simunnn\Desktop\asp\PolimanacASP\InventoryManagement\InventoryManagement.Console\InventoryManagement.Console.csproj]
c:\Users\simunnn\Desktop\asp\PolimanacASP\InventoryManagement\InventoryManagement.DAL\Repositories\OrderEfRepository.cs(20,29): error CS1061: 'InventoryManagementDbContext' does not contain a definition for 'Orders' and no accessible extension method 'Orders' accepting a first argument of type 'InventoryManagementDbContext' could be found (are you missing a using directive or an assembly reference?) [c:\Users\simunnn\Desktop\asp\PolimanacASP\InventoryManagement\InventoryManagement.DAL\InventoryManagement.DAL.csproj]
c:\Users\simunnn\Desktop\asp\PolimanacASP\InventoryManagement\InventoryManagement.DAL\Repositories\OrderEfRepository.cs(22,33): error CS1061: 'TEntity' does not contain a definition for 'AppUser' and no accessible extension method 'AppUser' accepting a first argument of type 'TEntity' could be found (are you missing a using directive or an assembly reference?) [c:\Users\simunnn\Desktop\asp\PolimanacASP\InventoryManagement\InventoryManagement.DAL\InventoryManagement.DAL.csproj]
c:\Users\simunnn\Desktop\asp\PolimanacASP\InventoryManagement\InventoryManagement.DAL\Repositories\OrderEfRepository.cs(29,29): error CS1061: 'InventoryManagementDbContext' does not contain a definition for 'Orders' and no accessible extension method 'Orders' accepting a first argument of type 'InventoryManagementDbContext' could be found (are you missing a using directive or an assembly reference?) [c:\Users\simunnn\Desktop\asp\PolimanacASP\InventoryManagement\InventoryManagement.DAL\InventoryManagement.DAL.csproj]
c:\Users\simunnn\Desktop\asp\PolimanacASP\InventoryManagement\InventoryManagement.DAL\Repositories\OrderEfRepository.cs(31,33): error CS1061: 'TEntity' does not contain a definition for 'AppUser' and no accessible extension method 'AppUser' accepting a first argument of type 'TEntity' could be found (are you missing a using directive or an assembly reference?) [c:\Users\simunnn\Desktop\asp\PolimanacASP\InventoryManagement\InventoryManagement.DAL\InventoryManagement.DAL.csproj]
c:\Users\simunnn\Desktop\asp\PolimanacASP\InventoryManagement\InventoryManagement.DAL\Repositories\OrderEfRepository.cs(39,22): error CS1061: 'InventoryManagementDbContext' does not contain a definition for 'Orders' and no accessible extension method 'Orders' accepting a first argument of type 'InventoryManagementDbContext' could be found (are you missing a using directive or an assembly reference?) [c:\Users\simunnn\Desktop\asp\PolimanacASP\InventoryManagement\InventoryManagement.DAL\InventoryManagement.DAL.csproj]
c:\Users\simunnn\Desktop\asp\PolimanacASP\InventoryManagement\InventoryManagement.DAL\Repositories\OrderEfRepository.cs(45,22): error CS1061: 'InventoryManagementDbContext' does not contain a definition for 'Orders' and no accessible extension method 'Orders' accepting a first argument of type 'InventoryManagementDbContext' could be found (are you missing a using directive or an assembly reference?) [c:\Users\simunnn\Desktop\asp\PolimanacASP\InventoryManagement\InventoryManagement.DAL\InventoryManagement.DAL.csproj]
c:\Users\simunnn\Desktop\asp\PolimanacASP\InventoryManagement\InventoryManagement.DAL\Repositories\OrderEfRepository.cs(57,34): error CS1061: 'InventoryManagementDbContext' does not contain a definition for 'Orders' and no accessible extension method 'Orders' accepting a first argument of type 'InventoryManagementDbContext' could be found (are you missing a using directive or an assembly reference?) [c:\Users\simunnn\Desktop\asp\PolimanacASP\InventoryManagement\InventoryManagement.DAL\InventoryManagement.DAL.csproj]
c:\Users\simunnn\Desktop\asp\PolimanacASP\InventoryManagement\InventoryManagement.DAL\Repositories\OrderEfRepository.cs(60,26): error CS1061: 'InventoryManagementDbContext' does not contain a definition for 'Orders' and no accessible extension method 'Orders' accepting a first argument of type 'InventoryManagementDbContext' could be found (are you missing a using directive or an assembly reference?) [c:\Users\simunnn\Desktop\asp\PolimanacASP\InventoryManagement\InventoryManagement.DAL\InventoryManagement.DAL.csproj]
c:\Users\simunnn\Desktop\asp\PolimanacASP\InventoryManagement\InventoryManagement.DAL\Repositories\OrderEfRepository.cs(70,29): error CS1061: 'InventoryManagementDbContext' does not contain a definition for 'Orders' and no accessible extension method 'Orders' accepting a first argument of type 'InventoryManagementDbContext' could be found (are you missing a using directive or an assembly reference?) [c:\Users\simunnn\Desktop\asp\PolimanacASP\InventoryManagement\InventoryManagement.DAL\InventoryManagement.DAL.csproj]
c:\Users\simunnn\Desktop\asp\PolimanacASP\InventoryManagement\InventoryManagement.DAL\Repositories\OrderEfRepository.cs(75,34): error CS1061: 'InventoryManagementDbContext' does not contain a definition for 'Orders' and no accessible extension method 'Orders' accepting a first argument of type 'InventoryManagementDbContext' could be found (are you missing a using directive or an assembly reference?) [c:\Users\simunnn\Desktop\asp\PolimanacASP\InventoryManagement\InventoryManagement.DAL\InventoryManagement.DAL.csproj]
c:\Users\simunnn\Desktop\asp\PolimanacASP\InventoryManagement\InventoryManagement.DAL\Repositories\OrderEfRepository.cs(77,33): error CS1061: 'TEntity' does not contain a definition for 'OrderItems' and no accessible extension method 'OrderItems' accepting a first argument of type 'TEntity' could be found (are you missing a using directive or an assembly reference?) [c:\Users\simunnn\Desktop\asp\PolimanacASP\InventoryManagement\InventoryManagement.DAL\InventoryManagement.DAL.csproj]
c:\Users\simunnn\Desktop\asp\PolimanacASP\InventoryManagement\InventoryManagement.DAL\InventoryManagementDbContext.cs(114,37): error CS0029: Cannot implicitly convert type 'string' to 'int' [c:\Users\simunnn\Desktop\asp\PolimanacASP\InventoryManagement\InventoryManagement.DAL\InventoryManagement.DAL.csproj]
c:\Users\simunnn\Desktop\asp\PolimanacASP\InventoryManagement\InventoryManagement.DAL\InventoryManagementDbContext.cs(115,37): error CS0029: Cannot implicitly convert type 'string' to 'int' [c:\Users\simunnn\Desktop\asp\PolimanacASP\InventoryManagement\InventoryManagement.DAL\InventoryManagement.DAL.csproj]
c:\Users\simunnn\Desktop\asp\PolimanacASP\InventoryManagement\InventoryManagement.DAL\InventoryManagementDbContext.cs(116,37): error CS0029: Cannot implicitly convert type 'string' to 'int' [c:\Users\simunnn\Desktop\asp\PolimanacASP\InventoryManagement\InventoryManagement.DAL\InventoryManagement.DAL.csproj]
c:\Users\simunnn\Desktop\asp\PolimanacASP\InventoryManagement\InventoryManagement.DAL\InventoryManagementDbContext.cs(123,26): error CS0029: Cannot implicitly convert type 'string' to 'int' [c:\Users\simunnn\Desktop\asp\PolimanacASP\InventoryManagement\InventoryManagement.DAL\InventoryManagement.DAL.csproj]
c:\Users\simunnn\Desktop\asp\PolimanacASP\InventoryManagement\InventoryManagement.DAL\InventoryManagementDbContext.cs(134,26): error CS0029: Cannot implicitly convert type 'string' to 'int' [c:\Users\simunnn\Desktop\asp\PolimanacASP\InventoryManagement\InventoryManagement.DAL\InventoryManagement.DAL.csproj]
c:\Users\simunnn\Desktop\asp\PolimanacASP\InventoryManagement\InventoryManagement.DAL\InventoryManagementDbContext.cs(149,26): error CS0029: Cannot implicitly convert type 'string' to 'int' [c:\Users\simunnn\Desktop\asp\PolimanacASP\InventoryManagement\InventoryManagement.DAL\InventoryManagement.DAL.csproj]
c:\Users\simunnn\Desktop\asp\PolimanacASP\InventoryManagement\InventoryManagement.DAL\InventoryManagementDbContext.cs(158,34): error CS0029: Cannot implicitly convert type 'string' to 'int?' [c:\Users\simunnn\Desktop\asp\PolimanacASP\InventoryManagement\InventoryManagement.DAL\InventoryManagement.DAL.csproj]
c:\Users\simunnn\Desktop\asp\PolimanacASP\InventoryManagement\InventoryManagement.DAL\InventoryManagementDbContext.cs(159,34): error CS0029: Cannot implicitly convert type 'string' to 'int?' [c:\Users\simunnn\Desktop\asp\PolimanacASP\InventoryManagement\InventoryManagement.DAL\InventoryManagement.DAL.csproj]
c:\Users\simunnn\Desktop\asp\PolimanacASP\InventoryManagement\InventoryManagement.DAL\InventoryManagementDbContext.cs(163,26): error CS0029: Cannot implicitly convert type 'string' to 'int' [c:\Users\simunnn\Desktop\asp\PolimanacASP\InventoryManagement\InventoryManagement.DAL\InventoryManagement.DAL.csproj]
c:\Users\simunnn\Desktop\asp\PolimanacASP\InventoryManagement\InventoryManagement.DAL\InventoryManagementDbContext.cs(172,34): error CS0029: Cannot implicitly convert type 'string' to 'int?' [c:\Users\simunnn\Desktop\asp\PolimanacASP\InventoryManagement\InventoryManagement.DAL\InventoryManagement.DAL.csproj]
c:\Users\simunnn\Desktop\asp\PolimanacASP\InventoryManagement\InventoryManagement.DAL\InventoryManagementDbContext.cs(173,34): error CS0029: Cannot implicitly convert type 'string' to 'int?' [c:\Users\simunnn\Desktop\asp\PolimanacASP\InventoryManagement\InventoryManagement.DAL\InventoryManagement.DAL.csproj]
c:\Users\simunnn\Desktop\asp\PolimanacASP\InventoryManagement\InventoryManagement.DAL\InventoryManagementDbContext.cs(177,26): error CS0029: Cannot implicitly convert type 'string' to 'int' [c:\Users\simunnn\Desktop\asp\PolimanacASP\InventoryManagement\InventoryManagement.DAL\InventoryManagement.DAL.csproj]
c:\Users\simunnn\Desktop\asp\PolimanacASP\InventoryManagement\InventoryManagement.DAL\InventoryManagementDbContext.cs(186,34): error CS0029: Cannot implicitly convert type 'string' to 'int?' [c:\Users\simunnn\Desktop\asp\PolimanacASP\InventoryManagement\InventoryManagement.DAL\InventoryManagement.DAL.csproj]
c:\Users\simunnn\Desktop\asp\PolimanacASP\InventoryManagement\InventoryManagement.DAL\InventoryManagementDbContext.cs(187,34): error CS0029: Cannot implicitly convert type 'string' to 'int?' [c:\Users\simunnn\Desktop\asp\PolimanacASP\InventoryManagement\InventoryManagement.DAL\InventoryManagement.DAL.csproj]
c:\Users\simunnn\Desktop\asp\PolimanacASP\InventoryManagement\InventoryManagement.DAL\InventoryManagementDbContext.cs(195,26): error CS0029: Cannot implicitly convert type 'string' to 'int' [c:\Users\simunnn\Desktop\asp\PolimanacASP\InventoryManagement\InventoryManagement.DAL\InventoryManagement.DAL.csproj]
c:\Users\simunnn\Desktop\asp\PolimanacASP\InventoryManagement\InventoryManagement.DAL\InventoryManagementDbContext.cs(208,26): error CS0029: Cannot implicitly convert type 'string' to 'int' [c:\Users\simunnn\Desktop\asp\PolimanacASP\InventoryManagement\InventoryManagement.DAL\InventoryManagement.DAL.csproj]
c:\Users\simunnn\Desktop\asp\PolimanacASP\InventoryManagement\InventoryManagement.DAL\InventoryManagementDbContext.cs(229,21): error CS0117: 'AppUser' does not contain a definition for 'Role' [c:\Users\simunnn\Desktop\asp\PolimanacASP\InventoryManagement\InventoryManagement.DAL\InventoryManagement.DAL.csproj]
c:\Users\simunnn\Desktop\asp\PolimanacASP\InventoryManagement\InventoryManagement.DAL\InventoryManagementDbContext.cs(239,21): error CS0117: 'AppUser' does not contain a definition for 'Role' [c:\Users\simunnn\Desktop\asp\PolimanacASP\InventoryManagement\InventoryManagement.DAL\InventoryManagement.DAL.csproj]
c:\Users\simunnn\Desktop\asp\PolimanacASP\InventoryManagement\InventoryManagement.DAL\InventoryManagementDbContext.cs(249,21): error CS0117: 'AppUser' does not contain a definition for 'Role' [c:\Users\simunnn\Desktop\asp\PolimanacASP\InventoryManagement\InventoryManagement.DAL\InventoryManagement.DAL.csproj]
c:\Users\simunnn\Desktop\asp\PolimanacASP\InventoryManagement\InventoryManagement.DAL\InventoryManagementDbContext.cs(259,26): error CS0029: Cannot implicitly convert type 'string' to 'int' [c:\Users\simunnn\Desktop\asp\PolimanacASP\InventoryManagement\InventoryManagement.DAL\InventoryManagement.DAL.csproj]
c:\Users\simunnn\Desktop\asp\PolimanacASP\InventoryManagement\InventoryManagement.DAL\InventoryManagementDbContext.cs(270,26): error CS0029: Cannot implicitly convert type 'string' to 'int' [c:\Users\simunnn\Desktop\asp\PolimanacASP\InventoryManagement\InventoryManagement.DAL\InventoryManagement.DAL.csproj]
c:\Users\simunnn\Desktop\asp\PolimanacASP\InventoryManagement\InventoryManagement.DAL\InventoryManagementDbContext.cs(281,26): error CS0029: Cannot implicitly convert type 'string' to 'int' [c:\Users\simunnn\Desktop\asp\PolimanacASP\InventoryManagement\InventoryManagement.DAL\InventoryManagement.DAL.csproj]
c:\Users\simunnn\Desktop\asp\PolimanacASP\InventoryManagement\InventoryManagement.DAL\InventoryManagementDbContext.cs(296,26): error CS0029: Cannot implicitly convert type 'string' to 'int' [c:\Users\simunnn\Desktop\asp\PolimanacASP\InventoryManagement\InventoryManagement.DAL\InventoryManagement.DAL.csproj]
c:\Users\simunnn\Desktop\asp\PolimanacASP\InventoryManagement\InventoryManagement.DAL\InventoryManagementDbContext.cs(302,31): error CS0029: Cannot implicitly convert type 'string' to 'int' [c:\Users\simunnn\Desktop\asp\PolimanacASP\InventoryManagement\InventoryManagement.DAL\InventoryManagement.DAL.csproj]
c:\Users\simunnn\Desktop\asp\PolimanacASP\InventoryManagement\InventoryManagement.DAL\InventoryManagementDbContext.cs(303,33): error CS0029: Cannot implicitly convert type 'string' to 'int' [c:\Users\simunnn\Desktop\asp\PolimanacASP\InventoryManagement\InventoryManagement.DAL\InventoryManagement.DAL.csproj]
c:\Users\simunnn\Desktop\asp\PolimanacASP\InventoryManagement\InventoryManagement.DAL\InventoryManagementDbContext.cs(307,26): error CS0029: Cannot implicitly convert type 'string' to 'int' [c:\Users\simunnn\Desktop\asp\PolimanacASP\InventoryManagement\InventoryManagement.DAL\InventoryManagement.DAL.csproj]
c:\Users\simunnn\Desktop\asp\PolimanacASP\InventoryManagement\InventoryManagement.DAL\InventoryManagementDbContext.cs(313,31): error CS0029: Cannot implicitly convert type 'string' to 'int' [c:\Users\simunnn\Desktop\asp\PolimanacASP\InventoryManagement\InventoryManagement.DAL\InventoryManagement.DAL.csproj]
c:\Users\simunnn\Desktop\asp\PolimanacASP\InventoryManagement\InventoryManagement.DAL\InventoryManagementDbContext.cs(314,33): error CS0029: Cannot implicitly convert type 'string' to 'int' [c:\Users\simunnn\Desktop\asp\PolimanacASP\InventoryManagement\InventoryManagement.DAL\InventoryManagement.DAL.csproj]
c:\Users\simunnn\Desktop\asp\PolimanacASP\InventoryManagement\InventoryManagement.DAL\InventoryManagementDbContext.cs(318,26): error CS0029: Cannot implicitly convert type 'string' to 'int' [c:\Users\simunnn\Desktop\asp\PolimanacASP\InventoryManagement\InventoryManagement.DAL\InventoryManagement.DAL.csproj]
c:\Users\simunnn\Desktop\asp\PolimanacASP\InventoryManagement\InventoryManagement.DAL\InventoryManagementDbContext.cs(324,31): error CS0029: Cannot implicitly convert type 'string' to 'int' [c:\Users\simunnn\Desktop\asp\PolimanacASP\InventoryManagement\InventoryManagement.DAL\InventoryManagement.DAL.csproj]
c:\Users\simunnn\Desktop\asp\PolimanacASP\InventoryManagement\InventoryManagement.DAL\InventoryManagementDbContext.cs(325,33): error CS0029: Cannot implicitly convert type 'string' to 'int' [c:\Users\simunnn\Desktop\asp\PolimanacASP\InventoryManagement\InventoryManagement.DAL\InventoryManagement.DAL.csproj]
c:\Users\simunnn\Desktop\asp\PolimanacASP\InventoryManagement\InventoryManagement.DAL\InventoryManagementDbContext.cs(333,26): error CS0029: Cannot implicitly convert type 'string' to 'int' [c:\Users\simunnn\Desktop\asp\PolimanacASP\InventoryManagement\InventoryManagement.DAL\InventoryManagement.DAL.csproj]
c:\Users\simunnn\Desktop\asp\PolimanacASP\InventoryManagement\InventoryManagement.DAL\InventoryManagementDbContext.cs(339,33): error CS0029: Cannot implicitly convert type 'string' to 'int' [c:\Users\simunnn\Desktop\asp\PolimanacASP\InventoryManagement\InventoryManagement.DAL\InventoryManagement.DAL.csproj]
c:\Users\simunnn\Desktop\asp\PolimanacASP\InventoryManagement\InventoryManagement.DAL\InventoryManagementDbContext.cs(340,35): error CS0029: Cannot implicitly convert type 'string' to 'int' [c:\Users\simunnn\Desktop\asp\PolimanacASP\InventoryManagement\InventoryManagement.DAL\InventoryManagement.DAL.csproj]
c:\Users\simunnn\Desktop\asp\PolimanacASP\InventoryManagement\InventoryManagement.DAL\InventoryManagementDbContext.cs(344,26): error CS0029: Cannot implicitly convert type 'string' to 'int' [c:\Users\simunnn\Desktop\asp\PolimanacASP\InventoryManagement\InventoryManagement.DAL\InventoryManagement.DAL.csproj]
c:\Users\simunnn\Desktop\asp\PolimanacASP\InventoryManagement\InventoryManagement.DAL\InventoryManagementDbContext.cs(350,33): error CS0029: Cannot implicitly convert type 'string' to 'int' [c:\Users\simunnn\Desktop\asp\PolimanacASP\InventoryManagement\InventoryManagement.DAL\InventoryManagement.DAL.csproj]
c:\Users\simunnn\Desktop\asp\PolimanacASP\InventoryManagement\InventoryManagement.DAL\InventoryManagementDbContext.cs(351,35): error CS0029: Cannot implicitly convert type 'string' to 'int' [c:\Users\simunnn\Desktop\asp\PolimanacASP\InventoryManagement\InventoryManagement.DAL\InventoryManagement.DAL.csproj]
c:\Users\simunnn\Desktop\asp\PolimanacASP\InventoryManagement\InventoryManagement.DAL\InventoryManagementDbContext.cs(355,26): error CS0029: Cannot implicitly convert type 'string' to 'int' [c:\Users\simunnn\Desktop\asp\PolimanacASP\InventoryManagement\InventoryManagement.DAL\InventoryManagement.DAL.csproj]
c:\Users\simunnn\Desktop\asp\PolimanacASP\InventoryManagement\InventoryManagement.DAL\InventoryManagementDbContext.cs(361,33): error CS0029: Cannot implicitly convert type 'string' to 'int' [c:\Users\simunnn\Desktop\asp\PolimanacASP\InventoryManagement\InventoryManagement.DAL\InventoryManagement.DAL.csproj]
c:\Users\simunnn\Desktop\asp\PolimanacASP\InventoryManagement\InventoryManagement.DAL\InventoryManagementDbContext.cs(362,35): error CS0029: Cannot implicitly convert type 'string' to 'int' [c:\Users\simunnn\Desktop\asp\PolimanacASP\InventoryManagement\InventoryManagement.DAL\InventoryManagement.DAL.csproj]
c:\Users\simunnn\Desktop\asp\PolimanacASP\InventoryManagement\InventoryManagement.DAL\Repositories\UserEfRepository.cs(102,23): error CS1061: 'AppUser' does not contain a definition for 'Role' and no accessible extension method 'Role' accepting a first argument of type 'AppUser' could be found (are you missing a using directive or an assembly reference?) [c:\Users\simunnn\Desktop\asp\PolimanacASP\InventoryManagement\InventoryManagement.DAL\InventoryManagement.DAL.csproj]
c:\Users\simunnn\Desktop\asp\PolimanacASP\InventoryManagement\InventoryManagement.DAL\Repositories\OrderEfRepository.cs(88,34): error CS1061: 'InventoryManagementDbContext' does not contain a definition for 'Orders' and no accessible extension method 'Orders' accepting a first argument of type 'InventoryManagementDbContext' could be found (are you missing a using directive or an assembly reference?) [c:\Users\simunnn\Desktop\asp\PolimanacASP\InventoryManagement\InventoryManagement.DAL\InventoryManagement.DAL.csproj]
c:\Users\simunnn\Desktop\asp\PolimanacASP\InventoryManagement\InventoryManagement.DAL\Repositories\OrderEfRepository.cs(89,33): error CS1061: 'TEntity' does not contain a definition for 'AppUser' and no accessible extension method 'AppUser' accepting a first argument of type 'TEntity' could be found (are you missing a using directive or an assembly reference?) [c:\Users\simunnn\Desktop\asp\PolimanacASP\InventoryManagement\InventoryManagement.DAL\InventoryManagement.DAL.csproj]
    5 Warning(s)
    56 Error(s)

Time Elapsed 00:00:01.01
